{
  "message": "parse request payload error: expected value at line 1 column 1",
  "error_code": null,
  "aptos_ledger_version": null
}
