{
  "message": "unauthorized",
  "error_code": null,
  "aptos_ledger_version": null
}
{
  "message": "unauthorized",
  "error_code": null,
  "aptos_ledger_version": null
}
{
  "message": "unauthorized",
  "error_code": null,
  "aptos_ledger_version": null
}
{
  "message": "unauthorized",
  "error_code": null,
  "aptos_ledger_version": null
}
