{
  "message": "Given limit value (2000) is too large, it must be < 1000",
  "error_code": "invalid_limit_param",
  "aptos_ledger_version": null
}
