{
  "message": "Resource not found by 0xa550c19/0x1::guid::Generator",
  "error_code": null,
  "aptos_ledger_version": "0"
}
