{
  "hash": "",
  "sender": "0xa550c18",
  "sequence_number": "0",
  "max_gas_amount": "2000",
  "gas_unit_price": "0",
  "expiration_timestamp_secs": "18446744073709551615",
  "payload": {
    "function": "0x1::account::create_account",
    "type_arguments": [],
    "arguments": [
      "0x34bf7e2d17674feb234371a7ea58efd715f0e56ba20ebf13789480d9d643afaf"
    ],
    "type": "script_function_payload"
  },
  "signature": {
    "public_key": "0x14418f867a0bd6d42abb2daa50cd68a5a869ce208282481f57504f630510d0d3",
    "signature": "0x38eebd8c3cdabfa70a4b55701c7b2be90cd0699b279a1394e18b43068f67f0a971dfce486f0f1b140b7bd8651b2f88ac95d36fdf0335ed89b77973c179b6040e",
    "type": "ed25519_signature"
  }
}
