{
  "message": "failed to parse path `txn_hash`: failed to parse \"string(HashValue)\": unable to parse HashValue",
  "error_code": null,
  "aptos_ledger_version": null
}
