{
  "message": "The given transaction is invalid: Failed to parse transaction payload: parse arguments[0] failed, expect string<address>, caused by error: invalid account address \"0\"",
  "error_code": null,
  "aptos_ledger_version": null
}
