{
  "message": "the `Content-Type` requested by the client is not supported: invalid",
  "error_code": null,
  "aptos_ledger_version": null
}
