{
  "message": "parse request payload error: failed to parse \"string(MoveType)\": deserialize Move type failed, invalid type: boolean `true`, expected a string (occurred while parsing \"[string(MoveType)]\") (occurred while parsing \"ScriptFunctionPayload\") (occurred while parsing \"TransactionPayload\") (occurred while parsing \"UserTransactionRequestInner\") (occurred while parsing \"EncodeSubmissionRequest\")",
  "error_code": null,
  "aptos_ledger_version": null
}
