{
  "message": "Given limit value (0) must not be zero",
  "error_code": "invalid_limit_param",
  "aptos_ledger_version": null
}
