{
  "message": "parse request payload error: failed to parse \"string(ScriptFunctionId)\": invalid script function id \"invalid\" (occurred while parsing \"ScriptFunctionPayload\") (occurred while parsing \"TransactionPayload\") (occurred while parsing \"UserTransactionRequestInner\") (occurred while parsing \"EncodeSubmissionRequest\")",
  "error_code": null,
  "aptos_ledger_version": null
}
