{
  "message": "resource not found by address(0x1), struct tag(0x1::NotFound::Configuration) and ledger version(0)",
  "error_code": null,
  "aptos_ledger_version": "0"
}
