{
  "message": "parse request payload error: Expected input type \"TransactionPayload\", found 1234. (occurred while parsing \"UserTransactionRequestInner\") (occurred while parsing \"EncodeSubmissionRequest\")",
  "error_code": null,
  "aptos_ledger_version": null
}
