{
  "message": "failed to parse path `address`: failed to parse \"string(Address)\": invalid account address \"1\"",
  "error_code": null,
  "aptos_ledger_version": null
}
{
  "message": "failed to parse path `address`: failed to parse \"string(Address)\": invalid account address \"0xzz\"",
  "error_code": null,
  "aptos_ledger_version": null
}
{
  "message": "failed to parse path `address`: failed to parse \"string(Address)\": invalid account address \"01\"",
  "error_code": null,
  "aptos_ledger_version": null
}
