{
  "message": "failed to parse parameter `limit`: failed to parse \"integer(uint16)\": invalid digit found in string (occurred while parsing \"optional<integer(uint16)>\")",
  "error_code": null,
  "aptos_ledger_version": null
}
