{
  "message": "account not found by address(0x0) and ledger version(0)",
  "error_code": null,
  "aptos_ledger_version": "0"
}
