{
  "message": "The given transaction is invalid: Failed to parse transaction payload: could not find script function by 0x1::account::invalid",
  "error_code": null,
  "aptos_ledger_version": null
}
