{
  "message": "Failed to find transaction at version: 10000",
  "error_code": null,
  "aptos_ledger_version": null
}
