{
  "message": "Module not found by 0000000000000000000000000000000000000000000000000000000000000001::NoNoNo",
  "error_code": null,
  "aptos_ledger_version": "0"
}
