{
  "message": "Given start value (1000000) is higher than the current ledger version, it must be < 0",
  "error_code": "invalid_start_param",
  "aptos_ledger_version": null
}
