{
  "message": "Failed to find transaction with hash: 0xdadfeddcca7cb6396c735e9094c76c6e4e9cb3e3ef814730693aed59bd87b31d",
  "error_code": null,
  "aptos_ledger_version": null
}
