{
  "message": "The given transaction is invalid: Failed to parse transaction payload: Module ModuleId { address: 0000000000000000000000000000000000000000000000000000000000000001, name: Identifier(\"invalid\") } can't be found",
  "error_code": null,
  "aptos_ledger_version": null
}
