{
  "message": "Failed to deserialize input into SignedTransaction: unexpected end of input",
  "error_code": null,
  "aptos_ledger_version": null
}
