{
  "message": "ledger not found by version(1000000000000000000)",
  "error_code": null,
  "aptos_ledger_version": "0"
}
